***************************************************************************
***                                                                     ***
***                                                                     ***
***          __  __ ____   ____ _                                       ***
***         |  \/  |  _ \ / ___| |__   ___ _ __ ___                     ***
***         | |\/| | |_) | |   | '_ \ / _ \ '_ ` _ \                    ***
***         | |  | |  _ <| |___| | | |  __/ | | | | |                   ***
***         |_|  |_|_| \_\\____|_| |_|\___|_| |_| |_|                   ***
***                                                                     ***
***         VERSION            1.2.0-alpha                              ***
***                                                                     ***
***         Git branch         mom_merged                               ***
***         Git commit hash    ef9fe2457e9ead3325c3-dirty               ***
***         Git commit author  Niklas GÃ¶llmann                         ***
***         Git commit date    Fri May 10 10:46:19 2024 +0200           ***
***                                                                     ***
***         Contact: luca.frediani@uit.no                               ***
***                                                                     ***
***         Radovan Bast            Magnar Bjorgve                      ***
***         Roberto Di Remigio      Antoine Durdek                      ***
***         Luca Frediani           Gabriel Gerez                       ***
***         Stig Rune Jensen        Jonas Juselius                      ***
***         Rune Monstad            Peter Wind                          ***
***                                                                     ***
***************************************************************************

---------------------------------------------------------------------------

 MPI processes           :       (no bank)                               1
 OpenMP threads          :                                               1
 Total cores             :                                               1

---------------------------------------------------------------------------

XCFun DFT library Copyright 2009-2020 Ulf Ekstrom and contributors.
See http://dftlibs.org/xcfun/ for more information.

This is free software; see the source code for copying conditions.
There is ABSOLUTELY NO WARRANTY; not even for MERCHANTABILITY or
FITNESS FOR A PARTICULAR PURPOSE. For details see the documentation.
Scientific users of this library should cite
U. Ekstrom, L. Visscher, R. Bast, A. J. Thorvaldsen and K. Ruud;
J.Chem.Theor.Comp. 2010, DOI: 10.1021/ct100117s

---------------------------------------------------------------------------

 MRCPP version         : 1.6.0-alpha
 Git branch            : mom
 Git commit hash       : 9ebc1da6290a65a252e6
 Git commit author     : Laura Ratcliff
 Git commit date       : Wed Jun 14 14:11:39 2023 +0200

 Linear algebra        : EIGEN v3.4.0
 Parallelization       : OpenMP (1 threads)

---------------------------------------------------------------------------



===========================================================================
                         MultiResolution Analysis
---------------------------------------------------------------------------
 polynomial order      : 5
 polynomial type       : Interpolating
---------------------------------------------------------------------------
 total boxes           : 8
 boxes                 : [          2           2           2 ]
 unit lengths          : [   32.00000    32.00000    32.00000 ]
 scaling factor        : [    1.00000     1.00000     1.00000 ]
 lower bounds          : [  -32.00000   -32.00000   -32.00000 ]
 upper bounds          : [   32.00000    32.00000    32.00000 ]
 total length          : [   64.00000    64.00000    64.00000 ]
===========================================================================



***************************************************************************
***                                                                     ***
***                        Initializing Molecule                        ***
***                                                                     ***
***************************************************************************


===========================================================================
                                 Molecule
---------------------------------------------------------------------------
 Charge                  :                                               0
 Multiplicity            :                                               1
---------------------------------------------------------------------------
    N    Atom            :               x               y               z
---------------------------------------------------------------------------
    0       O            :        0.000000        0.000000       -0.125000
    1       H            :       -1.437500        0.000000        1.025000
    2       H            :        1.437500        0.000000        1.025000
---------------------------------------------------------------------------
 Center of mass          :        0.000000        0.000000        0.003683
===========================================================================



***************************************************************************
***                                                                     ***
***                Computing Initial Guess Wavefunction                 ***
***                                                                     ***
***************************************************************************


Warning: guess_orbitals(), line 410: Occupancies for alpha and beta orbitals are added together for restricted calculations
~~~~~~~~~~~~~~~~~~~~~~~~~~~~~~~~~~~~~~~~~~~~~~~~~~~~~~~~~~~~~~~~~~~~~~~~~~~
 Calculation             : Compute initial orbitals
 Method                  : Project MW molecular orbitals
 Precision               : 1.00000e-03
 Restricted              : True
 MO file                 : initial_guess/phi_p_scf
~~~~~~~~~~~~~~~~~~~~~~~~~~~~~~~~~~~~~~~~~~~~~~~~~~~~~~~~~~~~~~~~~~~~~~~~~~~


===========================================================================
                            Molecular Orbitals
---------------------------------------------------------------------------
 Alpha electrons         :                                           4.500
 Beta electrons          :                                           4.500
 Total electrons         :                                           9.000
---------------------------------------------------------------------------
    n     Occ Spin       :                                            Norm
---------------------------------------------------------------------------
    0    1.00    p       :                              1.000000000000e+00
    1    2.00    p       :                              9.999999964862e-01
    2    2.00    p       :                              9.999999964858e-01
    3    2.00    p       :                              9.999998959224e-01
    4    2.00    p       :                              9.999998959224e-01
===========================================================================


~~~~~~~~~~~~~~~~~~~~~~~~~~~~~~~~~~~~~~~~~~~~~~~~~~~~~~~~~~~~~~~~~~~~~~~~~~~
 Calculation             : Compute initial energy
 Method                  : DFT (PBE)
 Relativity              : None
 Environment             : None
 External fields         : None
 Precision               : 1.00000e-03
 Localization            : Off
~~~~~~~~~~~~~~~~~~~~~~~~~~~~~~~~~~~~~~~~~~~~~~~~~~~~~~~~~~~~~~~~~~~~~~~~~~~


===========================================================================
                        Molecular Energy (initial)
---------------------------------------------------------------------------
 Kinetic energy          :            (au)                 46.932258306331
 E-N energy              :            (au)               -138.243776075076
 Coulomb energy          :            (au)                 33.316507976740
 Exchange energy         :            (au)                  0.000000000000
 X-C energy              :            (au)                 -6.584844566283
 N-N energy              :            (au)                  9.039235444235
---------------------------------------------------------------------------
 Electronic energy       :            (au)                -64.579854358288
 Nuclear energy          :            (au)                  9.039235444235
---------------------------------------------------------------------------
 Total energy            :            (au)             -5.554061891405e+01
                         :      (kcal/mol)             -3.485226456389e+04
                         :        (kJ/mol)             -1.458218749353e+05
                         :            (eV)             -1.511337233612e+03
===========================================================================


===========================================================================
                        Orbital Energies (initial)
---------------------------------------------------------------------------
    n     Occ Spin       :                                         Epsilon
---------------------------------------------------------------------------
    0    1.00    p       :            (au)                -22.485660939123
    1    2.00    p       :            (au)                 -1.790518496776
    2    2.00    p       :            (au)                 -1.242440530492
    3    2.00    p       :            (au)                 -1.144928577595
    4    2.00    p       :            (au)                 -1.116013968014
---------------------------------------------------------------------------
 Sum occupied            :            (au)                -33.073464084877
===========================================================================



***************************************************************************
***                                                                     ***
***                 Computing Ground State Wavefunction                 ***
***                                                                     ***
***************************************************************************


~~~~~~~~~~~~~~~~~~~~~~~~~~~~~~~~~~~~~~~~~~~~~~~~~~~~~~~~~~~~~~~~~~~~~~~~~~~
 Calculation             : Optimize ground state orbitals
 Method                  : DFT (PBE)
 Relativity              : None
 Environment             : None
 External fields         : None
 Checkpointing           : Off
 Max iterations          : 1
 KAIN solver             : 5
 Localization            : Off
 Diagonalization         : First two iterations
 Start precision         : 1.00000e-03
 Final precision         : 1.00000e-03
 Helmholtz precision     : Dynamic
 Energy threshold        : Off
 Orbital threshold       : 1.00000e-02
~~~~~~~~~~~~~~~~~~~~~~~~~~~~~~~~~~~~~~~~~~~~~~~~~~~~~~~~~~~~~~~~~~~~~~~~~~~


===========================================================================
 Iter           MO residual             Total energy                Update
---------------------------------------------------------------------------
    0          2.236068e+00         -55.540618914052         -5.554062e+01
    1          2.194935e-01         -56.174606995661         -6.339881e-01
---------------------------------------------------------------------------
                        SCF did NOT converge!!!
===========================================================================



***************************************************************************
***                                                                     ***
***                    Printing Molecular Properties                    ***
***                                                                     ***
***************************************************************************


===========================================================================
                                 Molecule
---------------------------------------------------------------------------
 Charge                  :                                               0
 Multiplicity            :                                               1
---------------------------------------------------------------------------
    N    Atom            :               x               y               z
---------------------------------------------------------------------------
    0       O            :        0.000000        0.000000       -0.125000
    1       H            :       -1.437500        0.000000        1.025000
    2       H            :        1.437500        0.000000        1.025000
---------------------------------------------------------------------------
 Center of mass          :        0.000000        0.000000        0.003683
===========================================================================


===========================================================================
                         Molecular Energy (final)
---------------------------------------------------------------------------
 Kinetic energy          :            (au)                 52.958758931475
 E-N energy              :            (au)               -147.629070167683
 Coulomb energy          :            (au)                 36.593873692370
 Exchange energy         :            (au)                  0.000000000000
 X-C energy              :            (au)                 -7.137404896059
 N-N energy              :            (au)                  9.039235444235
---------------------------------------------------------------------------
 Electronic energy       :            (au)                -65.213842439897
 Nuclear energy          :            (au)                  9.039235444235
---------------------------------------------------------------------------
 Total energy            :            (au)             -5.617460699566e+01
                         :      (kcal/mol)             -3.525009809155e+04
                         :        (kJ/mol)             -1.474864104150e+05
                         :            (eV)             -1.528588928176e+03
===========================================================================


===========================================================================
                         Orbital Energies (final)
---------------------------------------------------------------------------
    n     Occ Spin       :                                         Epsilon
---------------------------------------------------------------------------
    0    1.00    p       :            (au)                -21.816234401271
    1    2.00    p       :            (au)                 -1.557063669119
    2    2.00    p       :            (au)                 -1.052470356399
    3    2.00    p       :            (au)                 -0.939439420540
    4    2.00    p       :            (au)                 -0.883752977926
---------------------------------------------------------------------------
 Sum occupied            :            (au)                -30.681687249238
===========================================================================


===========================================================================
                             Orbital Positions
---------------------------------------------------------------------------
Index                    :               x               y               z
---------------------------------------------------------------------------
    0                    :       -0.000000       -0.000000       -0.124491
    1                    :       -0.000004       -0.000000        0.222794
    2                    :       -0.000013        0.000000        0.184981
    3                    :        0.000005        0.000000       -0.288785
    4                    :       -0.000000        0.000000       -0.086881
===========================================================================


===========================================================================
                           Dipole Moment (dip-1)
---------------------------------------------------------------------------
 r_O                     :        0.000000        0.000000        0.000000
---------------------------------------------------------------------------
 Electronic vector       :             N/A             N/A             N/A
 Magnitude               :            (au)                             N/A
                         :         (Debye)                             N/A
---------------------------------------------------------------------------
 Nuclear vector          :             N/A             N/A             N/A
 Magnitude               :            (au)                             N/A
                         :         (Debye)                             N/A
---------------------------------------------------------------------------
 Total vector            :             N/A             N/A             N/A
 Magnitude               :            (au)                             N/A
                         :         (Debye)                             N/A
===========================================================================




***************************************************************************
***                                                                     ***
***                            Exiting MRChem                           ***
***                                                                     ***
***                       Wall time :  0h  0m 18s                       ***
***                                                                     ***
***************************************************************************