***************************************************************************
***                                                                     ***
***                                                                     ***
***          __  __ ____   ____ _                                       ***
***         |  \/  |  _ \ / ___| |__   ___ _ __ ___                     ***
***         | |\/| | |_) | |   | '_ \ / _ \ '_ ` _ \                    ***
***         | |  | |  _ <| |___| | | |  __/ | | | | |                   ***
***         |_|  |_|_| \_\\____|_| |_|\___|_| |_| |_|                   ***
***                                                                     ***
***         VERSION            1.2.0-alpha                              ***
***                                                                     ***
***         Git branch         mom_merged                               ***
***         Git commit hash    ef9fe2457e9ead3325c3-dirty               ***
***         Git commit author  Niklas GÃ¶llmann                         ***
***         Git commit date    Fri May 10 10:46:19 2024 +0200           ***
***                                                                     ***
***         Contact: luca.frediani@uit.no                               ***
***                                                                     ***
***         Radovan Bast            Magnar Bjorgve                      ***
***         Roberto Di Remigio      Antoine Durdek                      ***
***         Luca Frediani           Gabriel Gerez                       ***
***         Stig Rune Jensen        Jonas Juselius                      ***
***         Rune Monstad            Peter Wind                          ***
***                                                                     ***
***************************************************************************

---------------------------------------------------------------------------

 MPI processes           :       (no bank)                               1
 OpenMP threads          :                                               1
 Total cores             :                                               1

---------------------------------------------------------------------------

XCFun DFT library Copyright 2009-2020 Ulf Ekstrom and contributors.
See http://dftlibs.org/xcfun/ for more information.

This is free software; see the source code for copying conditions.
There is ABSOLUTELY NO WARRANTY; not even for MERCHANTABILITY or
FITNESS FOR A PARTICULAR PURPOSE. For details see the documentation.
Scientific users of this library should cite
U. Ekstrom, L. Visscher, R. Bast, A. J. Thorvaldsen and K. Ruud;
J.Chem.Theor.Comp. 2010, DOI: 10.1021/ct100117s

---------------------------------------------------------------------------

 MRCPP version         : 1.6.0-alpha
 Git branch            : mom
 Git commit hash       : 9ebc1da6290a65a252e6
 Git commit author     : Laura Ratcliff
 Git commit date       : Wed Jun 14 14:11:39 2023 +0200

 Linear algebra        : EIGEN v3.4.0
 Parallelization       : OpenMP (1 threads)

---------------------------------------------------------------------------



===========================================================================
                         MultiResolution Analysis
---------------------------------------------------------------------------
 polynomial order      : 5
 polynomial type       : Interpolating
---------------------------------------------------------------------------
 total boxes           : 8
 boxes                 : [          2           2           2 ]
 unit lengths          : [   32.00000    32.00000    32.00000 ]
 scaling factor        : [    1.00000     1.00000     1.00000 ]
 lower bounds          : [  -32.00000   -32.00000   -32.00000 ]
 upper bounds          : [   32.00000    32.00000    32.00000 ]
 total length          : [   64.00000    64.00000    64.00000 ]
===========================================================================



***************************************************************************
***                                                                     ***
***                        Initializing Molecule                        ***
***                                                                     ***
***************************************************************************


===========================================================================
                                 Molecule
---------------------------------------------------------------------------
 Charge                  :                                               0
 Multiplicity            :                                               1
---------------------------------------------------------------------------
    N    Atom            :               x               y               z
---------------------------------------------------------------------------
    0       O            :        0.000000        0.000000       -0.125000
    1       H            :       -1.437500        0.000000        1.025000
    2       H            :        1.437500        0.000000        1.025000
---------------------------------------------------------------------------
 Center of mass          :        0.000000        0.000000        0.003683
===========================================================================



***************************************************************************
***                                                                     ***
***                Computing Initial Guess Wavefunction                 ***
***                                                                     ***
***************************************************************************


~~~~~~~~~~~~~~~~~~~~~~~~~~~~~~~~~~~~~~~~~~~~~~~~~~~~~~~~~~~~~~~~~~~~~~~~~~~
 Calculation             : Compute initial orbitals
 Method                  : Diagonalize SAD Hamiltonian
 Precision               : 1.00000e-03
 Screening               : 1.20000e+01 StdDev
 Restricted              : True
 Functional              : LDA (SVWN5)
 AO basis                : 3-21G
~~~~~~~~~~~~~~~~~~~~~~~~~~~~~~~~~~~~~~~~~~~~~~~~~~~~~~~~~~~~~~~~~~~~~~~~~~~


===========================================================================
                            Molecular Orbitals
---------------------------------------------------------------------------
 Alpha electrons         :                                           5.000
 Beta electrons          :                                           5.000
 Total electrons         :                                          10.000
---------------------------------------------------------------------------
    n     Occ Spin       :                                            Norm
---------------------------------------------------------------------------
    0    2.00    p       :                              9.999999999719e-01
    1    2.00    p       :                              9.999999993851e-01
    2    2.00    p       :                              9.999999997831e-01
    3    2.00    p       :                              9.999999993963e-01
    4    2.00    p       :                              9.999999999731e-01
===========================================================================


~~~~~~~~~~~~~~~~~~~~~~~~~~~~~~~~~~~~~~~~~~~~~~~~~~~~~~~~~~~~~~~~~~~~~~~~~~~
 Calculation             : Compute initial energy
 Method                  : DFT (PBE)
 Relativity              : None
 Environment             : None
 External fields         : None
 Precision               : 1.00000e-03
 Localization            : On
~~~~~~~~~~~~~~~~~~~~~~~~~~~~~~~~~~~~~~~~~~~~~~~~~~~~~~~~~~~~~~~~~~~~~~~~~~~


===========================================================================
                        Molecular Energy (initial)
---------------------------------------------------------------------------
 Kinetic energy          :            (au)                 76.833799455395
 E-N energy              :            (au)               -200.924676817657
 Coulomb energy          :            (au)                 48.699940065645
 Exchange energy         :            (au)                  0.000000000000
 X-C energy              :            (au)                 -9.460272755250
 N-N energy              :            (au)                  9.039235444235
---------------------------------------------------------------------------
 Electronic energy       :            (au)                -84.851210051867
 Nuclear energy          :            (au)                  9.039235444235
---------------------------------------------------------------------------
 Total energy            :            (au)             -7.581197460763e+01
                         :      (kcal/mol)             -4.757273231372e+04
                         :        (kJ/mol)             -1.990443120006e+05
                         :            (eV)             -2.062948923119e+03
===========================================================================


===========================================================================
                        Orbital Energies (initial)
---------------------------------------------------------------------------
    n     Occ Spin       :                                         Epsilon
---------------------------------------------------------------------------
    0    2.00    p       :            (au)                -18.231417411079
    1    2.00    p       :            (au)                 -0.760055779215
    2    2.00    p       :            (au)                 -0.322711106650
    3    2.00    p       :            (au)                 -0.097527789878
    4    2.00    p       :            (au)                 -0.024339907215
---------------------------------------------------------------------------
 Sum occupied            :            (au)                -38.872103988073
===========================================================================



***************************************************************************
***                                                                     ***
***                    Printing Molecular Properties                    ***
***                                                                     ***
***************************************************************************


===========================================================================
                                 Molecule
---------------------------------------------------------------------------
 Charge                  :                                               0
 Multiplicity            :                                               1
---------------------------------------------------------------------------
    N    Atom            :               x               y               z
---------------------------------------------------------------------------
    0       O            :        0.000000        0.000000       -0.125000
    1       H            :       -1.437500        0.000000        1.025000
    2       H            :        1.437500        0.000000        1.025000
---------------------------------------------------------------------------
 Center of mass          :        0.000000        0.000000        0.003683
===========================================================================


===========================================================================
                         Molecular Energy (final)
---------------------------------------------------------------------------
 Kinetic energy          :            (au)                 76.833799455395
 E-N energy              :            (au)               -200.924676817657
 Coulomb energy          :            (au)                 48.699940065645
 Exchange energy         :            (au)                  0.000000000000
 X-C energy              :            (au)                 -9.460272755250
 N-N energy              :            (au)                  9.039235444235
---------------------------------------------------------------------------
 Electronic energy       :            (au)                -84.851210051867
 Nuclear energy          :            (au)                  9.039235444235
---------------------------------------------------------------------------
 Total energy            :            (au)             -7.581197460763e+01
                         :      (kcal/mol)             -4.757273231372e+04
                         :        (kJ/mol)             -1.990443120006e+05
                         :            (eV)             -2.062948923119e+03
===========================================================================


===========================================================================
                         Orbital Energies (final)
---------------------------------------------------------------------------
    n     Occ Spin       :                                         Epsilon
---------------------------------------------------------------------------
    0    2.00    p       :            (au)                -18.231417411079
    1    2.00    p       :            (au)                 -0.760055779215
    2    2.00    p       :            (au)                 -0.322711106650
    3    2.00    p       :            (au)                 -0.097527789878
    4    2.00    p       :            (au)                 -0.024339907215
---------------------------------------------------------------------------
 Sum occupied            :            (au)                -38.872103988073
===========================================================================


===========================================================================
                             Orbital Positions
---------------------------------------------------------------------------
Index                    :               x               y               z
---------------------------------------------------------------------------
    0                    :       -0.000000       -0.000000       -0.124262
    1                    :       -0.713462       -0.000000        0.438651
    2                    :        0.713403        0.000000        0.438642
    3                    :        0.000010       -0.488779       -0.441632
    4                    :        0.000010        0.488779       -0.441632
===========================================================================


===========================================================================
                           Dipole Moment (dip-1)
---------------------------------------------------------------------------
 r_O                     :        0.000000        0.000000        0.000000
---------------------------------------------------------------------------
 Electronic vector       :        0.000081       -0.000000        0.260465
 Magnitude               :            (au)                        0.260465
                         :         (Debye)                        0.662037
---------------------------------------------------------------------------
 Nuclear vector          :        0.000000        0.000000        1.050000
 Magnitude               :            (au)                        1.050000
                         :         (Debye)                        2.668834
---------------------------------------------------------------------------
 Total vector            :        0.000081        0.000000        1.310465
 Magnitude               :            (au)                        1.310465
                         :         (Debye)                        3.330870
===========================================================================




***************************************************************************
***                                                                     ***
***                            Exiting MRChem                           ***
***                                                                     ***
***                       Wall time :  0h  0m 47s                       ***
***                                                                     ***
***************************************************************************