***************************************************************************
***                                                                     ***
***                                                                     ***
***          __  __ ____   ____ _                                       ***
***         |  \/  |  _ \ / ___| |__   ___ _ __ ___                     ***
***         | |\/| | |_) | |   | '_ \ / _ \ '_ ` _ \                    ***
***         | |  | |  _ <| |___| | | |  __/ | | | | |                   ***
***         |_|  |_|_| \_\\____|_| |_|\___|_| |_| |_|                   ***
***                                                                     ***
***         VERSION            1.2.0-alpha                              ***
***                                                                     ***
***         Git branch         mom_merged                               ***
***         Git commit hash    aec5c05c74a8084661ef-dirty               ***
***         Git commit author  Niklas GÃ¶llmann                         ***
***         Git commit date    Mon Jun 3 10:21:30 2024 +0200            ***
***                                                                     ***
***         Contact: luca.frediani@uit.no                               ***
***                                                                     ***
***         Radovan Bast            Magnar Bjorgve                      ***
***         Roberto Di Remigio      Antoine Durdek                      ***
***         Luca Frediani           Gabriel Gerez                       ***
***         Stig Rune Jensen        Jonas Juselius                      ***
***         Rune Monstad            Peter Wind                          ***
***                                                                     ***
***************************************************************************

---------------------------------------------------------------------------

 MPI processes           :       (no bank)                               1
 OpenMP threads          :                                               8
 Total cores             :                                               8

---------------------------------------------------------------------------

XCFun DFT library Copyright 2009-2020 Ulf Ekstrom and contributors.
See http://dftlibs.org/xcfun/ for more information.

This is free software; see the source code for copying conditions.
There is ABSOLUTELY NO WARRANTY; not even for MERCHANTABILITY or
FITNESS FOR A PARTICULAR PURPOSE. For details see the documentation.
Scientific users of this library should cite
U. Ekstrom, L. Visscher, R. Bast, A. J. Thorvaldsen and K. Ruud;
J.Chem.Theor.Comp. 2010, DOI: 10.1021/ct100117s

---------------------------------------------------------------------------

 MRCPP version         : 1.6.0-alpha
 Git branch            : mom
 Git commit hash       : 9ebc1da6290a65a252e6
 Git commit author     : Laura Ratcliff
 Git commit date       : Wed Jun 14 14:11:39 2023 +0200

 Linear algebra        : EIGEN v3.4.0
 Parallelization       : OpenMP (8 threads)

---------------------------------------------------------------------------



===========================================================================
                         MultiResolution Analysis
---------------------------------------------------------------------------
 polynomial order      : 5
 polynomial type       : Interpolating
---------------------------------------------------------------------------
 total boxes           : 8
 boxes                 : [          2           2           2 ]
 unit lengths          : [   32.00000    32.00000    32.00000 ]
 scaling factor        : [    1.00000     1.00000     1.00000 ]
 lower bounds          : [  -32.00000   -32.00000   -32.00000 ]
 upper bounds          : [   32.00000    32.00000    32.00000 ]
 total length          : [   64.00000    64.00000    64.00000 ]
===========================================================================



***************************************************************************
***                                                                     ***
***                        Initializing Molecule                        ***
***                                                                     ***
***************************************************************************


===========================================================================
                                 Molecule
---------------------------------------------------------------------------
 Charge                  :                                               1
 Multiplicity            :                                               1
---------------------------------------------------------------------------
    N    Atom            :               x               y               z
---------------------------------------------------------------------------
    0      Li            :       -5.467375        2.657087        0.384125
    1      Li            :        2.486974        1.970663       -0.291434
    2       H            :       -0.093749       -1.621650       -3.769928
---------------------------------------------------------------------------
 Center of mass          :       -1.395671        2.047469       -0.211988
===========================================================================



***************************************************************************
***                                                                     ***
***                Computing Initial Guess Wavefunction                 ***
***                                                                     ***
***************************************************************************


Warning: guess_orbitals(), line 405: Occupancies for alpha and beta orbitals are added together for restricted calculations
~~~~~~~~~~~~~~~~~~~~~~~~~~~~~~~~~~~~~~~~~~~~~~~~~~~~~~~~~~~~~~~~~~~~~~~~~~~
 Calculation             : Compute initial orbitals
 Method                  : Project MW molecular orbitals
 Precision               : 1.00000e-03
 Restricted              : True
 MO file                 : initial_guess/phi_p_scf
~~~~~~~~~~~~~~~~~~~~~~~~~~~~~~~~~~~~~~~~~~~~~~~~~~~~~~~~~~~~~~~~~~~~~~~~~~~


===========================================================================
                            Molecular Orbitals
---------------------------------------------------------------------------
 Alpha electrons         :                                           2.500
 Beta electrons          :                                           2.500
 Total electrons         :                                           5.000
---------------------------------------------------------------------------
    n     Occ Spin       :                                            Norm
---------------------------------------------------------------------------
    0    2.00    p       :                              9.999520240476e-01
    1    1.00    p       :                              9.999996902336e-01
    2    2.00    p       :                              9.999999999802e-01
===========================================================================


~~~~~~~~~~~~~~~~~~~~~~~~~~~~~~~~~~~~~~~~~~~~~~~~~~~~~~~~~~~~~~~~~~~~~~~~~~~
 Calculation             : Compute initial energy
 Method                  : DFT (PBE)
 Relativity              : None
 Environment             : None
 External fields         : None
 Precision               : 1.00000e-03
 Localization            : Off
~~~~~~~~~~~~~~~~~~~~~~~~~~~~~~~~~~~~~~~~~~~~~~~~~~~~~~~~~~~~~~~~~~~~~~~~~~~


===========================================================================
                        Molecular Energy (initial)
---------------------------------------------------------------------------
 Kinetic energy          :            (au)                 11.335353768812
 E-N energy              :            (au)                -28.952858149287
 Coulomb energy          :            (au)                  6.233158389317
 Exchange energy         :            (au)                  0.000000000000
 X-C energy              :            (au)                 -2.881241443164
 N-N energy              :            (au)                  2.030101848059
---------------------------------------------------------------------------
 Electronic energy       :            (au)                -14.265587434322
 Nuclear energy          :            (au)                  2.030101848059
---------------------------------------------------------------------------
 Total energy            :            (au)             -1.223548558626e+01
                         :      (kcal/mol)             -7.677883125142e+03
                         :        (kJ/mol)             -3.212426299559e+04
                         :            (eV)             -3.329445241950e+02
===========================================================================


===========================================================================
                        Orbital Energies (initial)
---------------------------------------------------------------------------
    n     Occ Spin       :                                         Epsilon
---------------------------------------------------------------------------
    0    2.00    p       :            (au)                 -3.567173111761
    1    1.00    p       :            (au)                 -2.320683561023
    2    2.00    p       :            (au)                 -0.311443255986
---------------------------------------------------------------------------
 Sum occupied            :            (au)                -10.077916296519
===========================================================================



***************************************************************************
***                                                                     ***
***                 Computing Ground State Wavefunction                 ***
***                                                                     ***
***************************************************************************


~~~~~~~~~~~~~~~~~~~~~~~~~~~~~~~~~~~~~~~~~~~~~~~~~~~~~~~~~~~~~~~~~~~~~~~~~~~
 Calculation             : Optimize ground state orbitals
 Method                  : DFT (PBE)
 Relativity              : None
 Environment             : None
 External fields         : None
 Checkpointing           : Off
 Max iterations          : 100
 KAIN solver             : 5
 Localization            : Off
 Diagonalization         : First two iterations
 Start precision         : 1.00000e-03
 Final precision         : 1.00000e-03
 Helmholtz precision     : Dynamic
 Energy threshold        : Off
 Orbital threshold       : 1.00000e-02
~~~~~~~~~~~~~~~~~~~~~~~~~~~~~~~~~~~~~~~~~~~~~~~~~~~~~~~~~~~~~~~~~~~~~~~~~~~


===========================================================================
 Iter           MO residual             Total energy                Update
---------------------------------------------------------------------------
    0          1.732051e+00         -12.235485586263         -1.223549e+01
    1          2.271951e-01         -12.385736520670         -1.502509e-01
    2          1.549899e-01         -12.487289109707         -1.015526e-01
    3          1.181324e-01         -12.533883846318         -4.659474e-02
    4          3.442647e-01         -12.581826351179         -4.794250e-02
    5          1.171436e-01         -12.586451530624         -4.625179e-03
    6          7.715302e-02         -12.593045539109         -6.594008e-03
    7          4.071518e-02         -12.595114633769         -2.069095e-03
    8          2.424981e-02         -12.595412860669         -2.982269e-04
    9          3.308896e-02         -12.596160376803         -7.475161e-04
   10          1.445315e-02         -12.595950359096          2.100177e-04
   11          1.085835e-02         -12.596127767075         -1.774080e-04
   12          3.464027e-03         -12.596093907441          3.385963e-05
---------------------------------------------------------------------------
                      SCF converged in 12 iterations!
===========================================================================



***************************************************************************
***                                                                     ***
***                    Printing Molecular Properties                    ***
***                                                                     ***
***************************************************************************


===========================================================================
                                 Molecule
---------------------------------------------------------------------------
 Charge                  :                                               1
 Multiplicity            :                                               1
---------------------------------------------------------------------------
    N    Atom            :               x               y               z
---------------------------------------------------------------------------
    0      Li            :       -5.467375        2.657087        0.384125
    1      Li            :        2.486974        1.970663       -0.291434
    2       H            :       -0.093749       -1.621650       -3.769928
---------------------------------------------------------------------------
 Center of mass          :       -1.395671        2.047469       -0.211988
===========================================================================


===========================================================================
                         Molecular Energy (final)
---------------------------------------------------------------------------
 Kinetic energy          :            (au)                 12.365863029074
 E-N energy              :            (au)                -30.447191135534
 Coulomb energy          :            (au)                  6.306475329574
 Exchange energy         :            (au)                  0.000000000000
 X-C energy              :            (au)                 -2.851342978614
 N-N energy              :            (au)                  2.030101848059
---------------------------------------------------------------------------
 Electronic energy       :            (au)                -14.626195755500
 Nuclear energy          :            (au)                  2.030101848059
---------------------------------------------------------------------------
 Total energy            :            (au)             -1.259609390744e+01
                         :      (kcal/mol)             -7.904168263107e+03
                         :        (kJ/mol)             -3.307104001284e+04
                         :            (eV)             -3.427571765061e+02
===========================================================================


===========================================================================
                         Orbital Energies (final)
---------------------------------------------------------------------------
    n     Occ Spin       :                                         Epsilon
---------------------------------------------------------------------------
    0    1.00    p       :            (au)                 -3.275280997261
    1    2.00    p       :            (au)                 -2.325966424183
    2    2.00    p       :            (au)                 -0.584317999811
---------------------------------------------------------------------------
 Sum occupied            :            (au)                 -9.095849845249
===========================================================================


===========================================================================
                             Orbital Positions
---------------------------------------------------------------------------
Index                    :               x               y               z
---------------------------------------------------------------------------
    0                    :        2.488956        1.971923       -0.290197
    1                    :       -5.466236        2.657024        0.384047
    2                    :        0.930681        0.311863       -1.897502
===========================================================================


===========================================================================
                           Dipole Moment (dip-1)
---------------------------------------------------------------------------
 r_O                     :        0.000000        0.000000        0.000000
---------------------------------------------------------------------------
 Electronic vector       :        6.582155       -7.909698        3.317106
 Magnitude               :            (au)                       10.811627
                         :         (Debye)                       27.480416
---------------------------------------------------------------------------
 Nuclear vector          :       -9.034951       12.261601       -3.491855
 Magnitude               :            (au)                       15.625948
                         :         (Debye)                       39.717198
---------------------------------------------------------------------------
 Total vector            :       -2.452796        4.351903       -0.174748
 Magnitude               :            (au)                        4.998580
                         :         (Debye)                       12.705124
===========================================================================




***************************************************************************
***                                                                     ***
***                            Exiting MRChem                           ***
***                                                                     ***
***                       Wall time :  0h  0m 19s                       ***
***                                                                     ***
***************************************************************************