***************************************************************************
***                                                                     ***
***                                                                     ***
***          __  __ ____   ____ _                                       ***
***         |  \/  |  _ \ / ___| |__   ___ _ __ ___                     ***
***         | |\/| | |_) | |   | '_ \ / _ \ '_ ` _ \                    ***
***         | |  | |  _ <| |___| | | |  __/ | | | | |                   ***
***         |_|  |_|_| \_\\____|_| |_|\___|_| |_| |_|                   ***
***                                                                     ***
***         VERSION            1.2.0-alpha                              ***
***                                                                     ***
***         Git branch         mom_merged                               ***
***         Git commit hash    aec5c05c74a8084661ef-dirty               ***
***         Git commit author  Niklas GÃ¶llmann                         ***
***         Git commit date    Mon Jun 3 10:21:30 2024 +0200            ***
***                                                                     ***
***         Contact: luca.frediani@uit.no                               ***
***                                                                     ***
***         Radovan Bast            Magnar Bjorgve                      ***
***         Roberto Di Remigio      Antoine Durdek                      ***
***         Luca Frediani           Gabriel Gerez                       ***
***         Stig Rune Jensen        Jonas Juselius                      ***
***         Rune Monstad            Peter Wind                          ***
***                                                                     ***
***************************************************************************

---------------------------------------------------------------------------

 MPI processes           :       (no bank)                               1
 OpenMP threads          :                                               8
 Total cores             :                                               8

---------------------------------------------------------------------------

XCFun DFT library Copyright 2009-2020 Ulf Ekstrom and contributors.
See http://dftlibs.org/xcfun/ for more information.

This is free software; see the source code for copying conditions.
There is ABSOLUTELY NO WARRANTY; not even for MERCHANTABILITY or
FITNESS FOR A PARTICULAR PURPOSE. For details see the documentation.
Scientific users of this library should cite
U. Ekstrom, L. Visscher, R. Bast, A. J. Thorvaldsen and K. Ruud;
J.Chem.Theor.Comp. 2010, DOI: 10.1021/ct100117s

---------------------------------------------------------------------------

 MRCPP version         : 1.6.0-alpha
 Git branch            : mom
 Git commit hash       : 9ebc1da6290a65a252e6
 Git commit author     : Laura Ratcliff
 Git commit date       : Wed Jun 14 14:11:39 2023 +0200

 Linear algebra        : EIGEN v3.4.0
 Parallelization       : OpenMP (8 threads)

---------------------------------------------------------------------------



===========================================================================
                         MultiResolution Analysis
---------------------------------------------------------------------------
 polynomial order      : 5
 polynomial type       : Interpolating
---------------------------------------------------------------------------
 total boxes           : 8
 boxes                 : [          2           2           2 ]
 unit lengths          : [   32.00000    32.00000    32.00000 ]
 scaling factor        : [    1.00000     1.00000     1.00000 ]
 lower bounds          : [  -32.00000   -32.00000   -32.00000 ]
 upper bounds          : [   32.00000    32.00000    32.00000 ]
 total length          : [   64.00000    64.00000    64.00000 ]
===========================================================================



***************************************************************************
***                                                                     ***
***                        Initializing Molecule                        ***
***                                                                     ***
***************************************************************************


===========================================================================
                                 Molecule
---------------------------------------------------------------------------
 Charge                  :                                               1
 Multiplicity            :                                               1
---------------------------------------------------------------------------
    N    Atom            :               x               y               z
---------------------------------------------------------------------------
    0      Li            :       -5.467375        2.657087        0.384125
    1      Li            :        2.486974        1.970663       -0.291434
    2       H            :       -0.093749       -1.621650       -3.769928
---------------------------------------------------------------------------
 Center of mass          :       -1.395671        2.047469       -0.211988
===========================================================================



***************************************************************************
***                                                                     ***
***                Computing Initial Guess Wavefunction                 ***
***                                                                     ***
***************************************************************************


~~~~~~~~~~~~~~~~~~~~~~~~~~~~~~~~~~~~~~~~~~~~~~~~~~~~~~~~~~~~~~~~~~~~~~~~~~~
 Calculation             : Compute initial orbitals
 Method                  : Diagonalize SAD Hamiltonian
 Precision               : 1.00000e-03
 Screening               : 1.20000e+01 StdDev
 Restricted              : True
 Functional              : LDA (SVWN5)
 AO basis                : 3-21G
~~~~~~~~~~~~~~~~~~~~~~~~~~~~~~~~~~~~~~~~~~~~~~~~~~~~~~~~~~~~~~~~~~~~~~~~~~~


===========================================================================
                            Molecular Orbitals
---------------------------------------------------------------------------
 Alpha electrons         :                                           3.000
 Beta electrons          :                                           3.000
 Total electrons         :                                           6.000
---------------------------------------------------------------------------
    n     Occ Spin       :                                            Norm
---------------------------------------------------------------------------
    0    2.00    p       :                              9.999990112179e-01
    1    2.00    p       :                              9.999938653129e-01
    2    2.00    p       :                              9.999998284835e-01
===========================================================================


~~~~~~~~~~~~~~~~~~~~~~~~~~~~~~~~~~~~~~~~~~~~~~~~~~~~~~~~~~~~~~~~~~~~~~~~~~~
 Calculation             : Compute initial energy
 Method                  : DFT (PBE)
 Relativity              : None
 Environment             : None
 External fields         : None
 Precision               : 1.00000e-03
 Localization            : Off
~~~~~~~~~~~~~~~~~~~~~~~~~~~~~~~~~~~~~~~~~~~~~~~~~~~~~~~~~~~~~~~~~~~~~~~~~~~


===========================================================================
                        Molecular Energy (initial)
---------------------------------------------------------------------------
 Kinetic energy          :            (au)                 14.864298452416
 E-N energy              :            (au)                -37.441534789804
 Coulomb energy          :            (au)                  9.309571677796
 Exchange energy         :            (au)                  0.000000000000
 X-C energy              :            (au)                 -3.849942029202
 N-N energy              :            (au)                  2.030101848059
---------------------------------------------------------------------------
 Electronic energy       :            (au)                -17.117606688794
 Nuclear energy          :            (au)                  2.030101848059
---------------------------------------------------------------------------
 Total energy            :            (au)             -1.508750484073e+01
                         :      (kcal/mol)             -9.467552227533e+03
                         :        (kJ/mol)             -3.961223852000e+04
                         :            (eV)             -4.105519217094e+02
===========================================================================


===========================================================================
                        Orbital Energies (initial)
---------------------------------------------------------------------------
    n     Occ Spin       :                                         Epsilon
---------------------------------------------------------------------------
    0    2.00    p       :            (au)                 -2.195382298641
    1    2.00    p       :            (au)                 -2.124392128750
    2    2.00    p       :            (au)                 -0.121805989151
---------------------------------------------------------------------------
 Sum occupied            :            (au)                 -8.883160833086
===========================================================================



***************************************************************************
***                                                                     ***
***                    Printing Molecular Properties                    ***
***                                                                     ***
***************************************************************************


===========================================================================
                                 Molecule
---------------------------------------------------------------------------
 Charge                  :                                               1
 Multiplicity            :                                               1
---------------------------------------------------------------------------
    N    Atom            :               x               y               z
---------------------------------------------------------------------------
    0      Li            :       -5.467375        2.657087        0.384125
    1      Li            :        2.486974        1.970663       -0.291434
    2       H            :       -0.093749       -1.621650       -3.769928
---------------------------------------------------------------------------
 Center of mass          :       -1.395671        2.047469       -0.211988
===========================================================================


===========================================================================
                         Molecular Energy (final)
---------------------------------------------------------------------------
 Kinetic energy          :            (au)                 14.864298452416
 E-N energy              :            (au)                -37.441534789804
 Coulomb energy          :            (au)                  9.309571677796
 Exchange energy         :            (au)                  0.000000000000
 X-C energy              :            (au)                 -3.849942029202
 N-N energy              :            (au)                  2.030101848059
---------------------------------------------------------------------------
 Electronic energy       :            (au)                -17.117606688794
 Nuclear energy          :            (au)                  2.030101848059
---------------------------------------------------------------------------
 Total energy            :            (au)             -1.508750484073e+01
                         :      (kcal/mol)             -9.467552227533e+03
                         :        (kJ/mol)             -3.961223852000e+04
                         :            (eV)             -4.105519217094e+02
===========================================================================


===========================================================================
                         Orbital Energies (final)
---------------------------------------------------------------------------
    n     Occ Spin       :                                         Epsilon
---------------------------------------------------------------------------
    0    2.00    p       :            (au)                 -2.195382298641
    1    2.00    p       :            (au)                 -2.124392128750
    2    2.00    p       :            (au)                 -0.121805989151
---------------------------------------------------------------------------
 Sum occupied            :            (au)                 -8.883160833086
===========================================================================


===========================================================================
                             Orbital Positions
---------------------------------------------------------------------------
Index                    :               x               y               z
---------------------------------------------------------------------------
    0                    :       -5.465635        2.656916        0.383952
    1                    :        2.485325        1.970808       -0.291291
    2                    :        0.009184       -1.359758       -3.516142
===========================================================================


===========================================================================
                           Dipole Moment (dip-1)
---------------------------------------------------------------------------
 r_O                     :        0.000000        0.000000        0.000000
---------------------------------------------------------------------------
 Electronic vector       :        5.942250       -6.535930        6.846963
 Magnitude               :            (au)                       11.176297
                         :         (Debye)                       28.407314
---------------------------------------------------------------------------
 Nuclear vector          :       -9.034951       12.261601       -3.491855
 Magnitude               :            (au)                       15.625948
                         :         (Debye)                       39.717198
---------------------------------------------------------------------------
 Total vector            :       -3.092700        5.725672        3.355108
 Magnitude               :            (au)                        7.321534
                         :         (Debye)                       18.609484
===========================================================================




***************************************************************************
***                                                                     ***
***                            Exiting MRChem                           ***
***                                                                     ***
***                       Wall time :  0h  0m 15s                       ***
***                                                                     ***
***************************************************************************