***************************************************************************
***                                                                     ***
***                                                                     ***
***          __  __ ____   ____ _                                       ***
***         |  \/  |  _ \ / ___| |__   ___ _ __ ___                     ***
***         | |\/| | |_) | |   | '_ \ / _ \ '_ ` _ \                    ***
***         | |  | |  _ <| |___| | | |  __/ | | | | |                   ***
***         |_|  |_|_| \_\\____|_| |_|\___|_| |_| |_|                   ***
***                                                                     ***
***         VERSION            1.2.0-alpha                              ***
***                                                                     ***
***         Git branch         mom_merged                               ***
***         Git commit hash    a1a2e5991d8adbd8494b-dirty               ***
***         Git commit author  Niklas GÃ¶llmann                         ***
***         Git commit date    Fri May 10 13:22:30 2024 +0200           ***
***                                                                     ***
***         Contact: luca.frediani@uit.no                               ***
***                                                                     ***
***         Radovan Bast            Magnar Bjorgve                      ***
***         Roberto Di Remigio      Antoine Durdek                      ***
***         Luca Frediani           Gabriel Gerez                       ***
***         Stig Rune Jensen        Jonas Juselius                      ***
***         Rune Monstad            Peter Wind                          ***
***                                                                     ***
***************************************************************************

---------------------------------------------------------------------------

 MPI processes           :       (no bank)                               1
 OpenMP threads          :                                               8
 Total cores             :                                               8

---------------------------------------------------------------------------

XCFun DFT library Copyright 2009-2020 Ulf Ekstrom and contributors.
See http://dftlibs.org/xcfun/ for more information.

This is free software; see the source code for copying conditions.
There is ABSOLUTELY NO WARRANTY; not even for MERCHANTABILITY or
FITNESS FOR A PARTICULAR PURPOSE. For details see the documentation.
Scientific users of this library should cite
U. Ekstrom, L. Visscher, R. Bast, A. J. Thorvaldsen and K. Ruud;
J.Chem.Theor.Comp. 2010, DOI: 10.1021/ct100117s

---------------------------------------------------------------------------

 MRCPP version         : 1.6.0-alpha
 Git branch            : mom
 Git commit hash       : 9ebc1da6290a65a252e6
 Git commit author     : Laura Ratcliff
 Git commit date       : Wed Jun 14 14:11:39 2023 +0200

 Linear algebra        : EIGEN v3.4.0
 Parallelization       : OpenMP (8 threads)

---------------------------------------------------------------------------



===========================================================================
                         MultiResolution Analysis
---------------------------------------------------------------------------
 polynomial order      : 5
 polynomial type       : Interpolating
---------------------------------------------------------------------------
 total boxes           : 8
 boxes                 : [          2           2           2 ]
 unit lengths          : [   32.00000    32.00000    32.00000 ]
 scaling factor        : [    1.00000     1.00000     1.00000 ]
 lower bounds          : [  -32.00000   -32.00000   -32.00000 ]
 upper bounds          : [   32.00000    32.00000    32.00000 ]
 total length          : [   64.00000    64.00000    64.00000 ]
===========================================================================



***************************************************************************
***                                                                     ***
***                        Initializing Molecule                        ***
***                                                                     ***
***************************************************************************


===========================================================================
                                 Molecule
---------------------------------------------------------------------------
 Charge                  :                                               0
 Multiplicity            :                                               1
---------------------------------------------------------------------------
    N    Atom            :               x               y               z
---------------------------------------------------------------------------
    0      Li            :       -3.787412        2.239544        0.016521
    1       H            :       -6.044539        0.576168        1.170420
---------------------------------------------------------------------------
 Center of mass          :       -4.073620        2.028625        0.162837
===========================================================================



***************************************************************************
***                                                                     ***
***                Computing Initial Guess Wavefunction                 ***
***                                                                     ***
***************************************************************************


Warning: guess_orbitals(), line 405: Occupancies for alpha and beta orbitals are added together for restricted calculations
~~~~~~~~~~~~~~~~~~~~~~~~~~~~~~~~~~~~~~~~~~~~~~~~~~~~~~~~~~~~~~~~~~~~~~~~~~~
 Calculation             : Compute initial orbitals
 Method                  : Project MW molecular orbitals
 Precision               : 1.00000e-03
 Restricted              : True
 MO file                 : initial_guess/phi_p_scf
~~~~~~~~~~~~~~~~~~~~~~~~~~~~~~~~~~~~~~~~~~~~~~~~~~~~~~~~~~~~~~~~~~~~~~~~~~~


===========================================================================
                            Molecular Orbitals
---------------------------------------------------------------------------
 Alpha electrons         :                                           1.500
 Beta electrons          :                                           1.500
 Total electrons         :                                           3.000
---------------------------------------------------------------------------
    n     Occ Spin       :                                            Norm
---------------------------------------------------------------------------
    0    1.00    p       :                              9.999999504019e-01
    1    2.00    p       :                              9.999999980940e-01
===========================================================================


~~~~~~~~~~~~~~~~~~~~~~~~~~~~~~~~~~~~~~~~~~~~~~~~~~~~~~~~~~~~~~~~~~~~~~~~~~~
 Calculation             : Compute initial energy
 Method                  : DFT (PBE)
 Relativity              : None
 Environment             : None
 External fields         : None
 Precision               : 1.00000e-03
 Localization            : Off
~~~~~~~~~~~~~~~~~~~~~~~~~~~~~~~~~~~~~~~~~~~~~~~~~~~~~~~~~~~~~~~~~~~~~~~~~~~


===========================================================================
                        Molecular Energy (initial)
---------------------------------------------------------------------------
 Kinetic energy          :            (au)                  4.457656896165
 E-N energy              :            (au)                -12.148694584473
 Coulomb energy          :            (au)                  2.604960527436
 Exchange energy         :            (au)                  0.000000000000
 X-C energy              :            (au)                 -1.282777381619
 N-N energy              :            (au)                  0.989451349446
---------------------------------------------------------------------------
 Electronic energy       :            (au)                 -6.368854542491
 Nuclear energy          :            (au)                  0.989451349446
---------------------------------------------------------------------------
 Total energy            :            (au)             -5.379403193045e+00
                         :      (kcal/mol)             -3.375626468441e+03
                         :        (kJ/mol)             -1.412362114396e+04
                         :            (eV)             -1.463810180588e+02
===========================================================================


===========================================================================
                        Orbital Energies (initial)
---------------------------------------------------------------------------
    n     Occ Spin       :                                         Epsilon
---------------------------------------------------------------------------
    0    1.00    p       :            (au)                 -3.302644782934
    1    2.00    p       :            (au)                 -0.407658022451
---------------------------------------------------------------------------
 Sum occupied            :            (au)                 -4.117960827836
===========================================================================



***************************************************************************
***                                                                     ***
***                 Computing Ground State Wavefunction                 ***
***                                                                     ***
***************************************************************************


~~~~~~~~~~~~~~~~~~~~~~~~~~~~~~~~~~~~~~~~~~~~~~~~~~~~~~~~~~~~~~~~~~~~~~~~~~~
 Calculation             : Optimize ground state orbitals
 Method                  : DFT (PBE)
 Relativity              : None
 Environment             : None
 External fields         : None
 Checkpointing           : Off
 Max iterations          : 100
 KAIN solver             : 5
 Localization            : Off
 Diagonalization         : First two iterations
 Start precision         : 1.00000e-03
 Final precision         : 1.00000e-03
 Helmholtz precision     : Dynamic
 Energy threshold        : Off
 Orbital threshold       : 1.00000e-02
~~~~~~~~~~~~~~~~~~~~~~~~~~~~~~~~~~~~~~~~~~~~~~~~~~~~~~~~~~~~~~~~~~~~~~~~~~~


===========================================================================
 Iter           MO residual             Total energy                Update
---------------------------------------------------------------------------
    0          1.414214e+00          -5.379403193045         -5.379403e+00
    1          1.619159e-01          -5.514230830140         -1.348276e-01
    2          8.568067e-02          -5.545275042706         -3.104421e-02
    3          4.805873e-02          -5.554911317627         -9.636275e-03
    4          6.090417e-02          -5.559849770578         -4.938453e-03
    5          6.022572e-03          -5.559997626347         -1.478558e-04
---------------------------------------------------------------------------
                      SCF converged in 5 iterations!
===========================================================================



***************************************************************************
***                                                                     ***
***                    Printing Molecular Properties                    ***
***                                                                     ***
***************************************************************************


===========================================================================
                                 Molecule
---------------------------------------------------------------------------
 Charge                  :                                               0
 Multiplicity            :                                               1
---------------------------------------------------------------------------
    N    Atom            :               x               y               z
---------------------------------------------------------------------------
    0      Li            :       -3.787412        2.239544        0.016521
    1       H            :       -6.044539        0.576168        1.170420
---------------------------------------------------------------------------
 Center of mass          :       -4.073620        2.028625        0.162837
===========================================================================


===========================================================================
                         Molecular Energy (final)
---------------------------------------------------------------------------
 Kinetic energy          :            (au)                  5.360549478573
 E-N energy              :            (au)                -13.346916638485
 Coulomb energy          :            (au)                  2.768771698111
 Exchange energy         :            (au)                  0.000000000000
 X-C energy              :            (au)                 -1.331853513992
 N-N energy              :            (au)                  0.989451349446
---------------------------------------------------------------------------
 Electronic energy       :            (au)                 -6.549448975794
 Nuclear energy          :            (au)                  0.989451349446
---------------------------------------------------------------------------
 Total energy            :            (au)             -5.559997626347e+00
                         :      (kcal/mol)             -3.488951186301e+03
                         :        (kJ/mol)             -1.459777176348e+04
                         :            (eV)             -1.512952429373e+02
===========================================================================


===========================================================================
                         Orbital Energies (final)
---------------------------------------------------------------------------
    n     Occ Spin       :                                         Epsilon
---------------------------------------------------------------------------
    0    1.00    p       :            (au)                 -3.130591158389
    1    2.00    p       :            (au)                 -0.508481085862
---------------------------------------------------------------------------
 Sum occupied            :            (au)                 -4.147553330113
===========================================================================


===========================================================================
                             Orbital Positions
---------------------------------------------------------------------------
Index                    :               x               y               z
---------------------------------------------------------------------------
    0                    :       -3.782451        2.243195        0.014017
    1                    :       -5.367429        1.074878        0.824364
===========================================================================


===========================================================================
                           Dipole Moment (dip-1)
---------------------------------------------------------------------------
 r_O                     :        0.000000        0.000000        0.000000
---------------------------------------------------------------------------
 Electronic vector       :       14.517308       -4.392951       -1.662746
 Magnitude               :            (au)                       15.258276
                         :         (Debye)                       38.782668
---------------------------------------------------------------------------
 Nuclear vector          :      -17.406775        7.294799        1.219982
 Magnitude               :            (au)                       18.912913
                         :         (Debye)                       48.071830
---------------------------------------------------------------------------
 Total vector            :       -2.889467        2.901849       -0.442764
 Magnitude               :            (au)                        4.118954
                         :         (Debye)                       10.469337
===========================================================================




***************************************************************************
***                                                                     ***
***                            Exiting MRChem                           ***
***                                                                     ***
***                       Wall time :  0h  0m  5s                       ***
***                                                                     ***
***************************************************************************