***************************************************************************
***                                                                     ***
***                                                                     ***
***          __  __ ____   ____ _                                       ***
***         |  \/  |  _ \ / ___| |__   ___ _ __ ___                     ***
***         | |\/| | |_) | |   | '_ \ / _ \ '_ ` _ \                    ***
***         | |  | |  _ <| |___| | | |  __/ | | | | |                   ***
***         |_|  |_|_| \_\\____|_| |_|\___|_| |_| |_|                   ***
***                                                                     ***
***         VERSION            1.2.0-alpha                              ***
***                                                                     ***
***         Git branch         mom_merged                               ***
***         Git commit hash    a1a2e5991d8adbd8494b-dirty               ***
***         Git commit author  Niklas GÃ¶llmann                         ***
***         Git commit date    Fri May 10 13:22:30 2024 +0200           ***
***                                                                     ***
***         Contact: luca.frediani@uit.no                               ***
***                                                                     ***
***         Radovan Bast            Magnar Bjorgve                      ***
***         Roberto Di Remigio      Antoine Durdek                      ***
***         Luca Frediani           Gabriel Gerez                       ***
***         Stig Rune Jensen        Jonas Juselius                      ***
***         Rune Monstad            Peter Wind                          ***
***                                                                     ***
***************************************************************************

---------------------------------------------------------------------------

 MPI processes           :       (no bank)                               1
 OpenMP threads          :                                               8
 Total cores             :                                               8

---------------------------------------------------------------------------

XCFun DFT library Copyright 2009-2020 Ulf Ekstrom and contributors.
See http://dftlibs.org/xcfun/ for more information.

This is free software; see the source code for copying conditions.
There is ABSOLUTELY NO WARRANTY; not even for MERCHANTABILITY or
FITNESS FOR A PARTICULAR PURPOSE. For details see the documentation.
Scientific users of this library should cite
U. Ekstrom, L. Visscher, R. Bast, A. J. Thorvaldsen and K. Ruud;
J.Chem.Theor.Comp. 2010, DOI: 10.1021/ct100117s

---------------------------------------------------------------------------

 MRCPP version         : 1.6.0-alpha
 Git branch            : mom
 Git commit hash       : 9ebc1da6290a65a252e6
 Git commit author     : Laura Ratcliff
 Git commit date       : Wed Jun 14 14:11:39 2023 +0200

 Linear algebra        : EIGEN v3.4.0
 Parallelization       : OpenMP (8 threads)

---------------------------------------------------------------------------



===========================================================================
                         MultiResolution Analysis
---------------------------------------------------------------------------
 polynomial order      : 5
 polynomial type       : Interpolating
---------------------------------------------------------------------------
 total boxes           : 8
 boxes                 : [          2           2           2 ]
 unit lengths          : [   32.00000    32.00000    32.00000 ]
 scaling factor        : [    1.00000     1.00000     1.00000 ]
 lower bounds          : [  -32.00000   -32.00000   -32.00000 ]
 upper bounds          : [   32.00000    32.00000    32.00000 ]
 total length          : [   64.00000    64.00000    64.00000 ]
===========================================================================



***************************************************************************
***                                                                     ***
***                        Initializing Molecule                        ***
***                                                                     ***
***************************************************************************


===========================================================================
                                 Molecule
---------------------------------------------------------------------------
 Charge                  :                                               0
 Multiplicity            :                                               1
---------------------------------------------------------------------------
    N    Atom            :               x               y               z
---------------------------------------------------------------------------
    0      Li            :       -3.787412        2.239544        0.016521
    1       H            :       -6.044539        0.576168        1.170420
---------------------------------------------------------------------------
 Center of mass          :       -4.073620        2.028625        0.162837
===========================================================================



***************************************************************************
***                                                                     ***
***                Computing Initial Guess Wavefunction                 ***
***                                                                     ***
***************************************************************************


~~~~~~~~~~~~~~~~~~~~~~~~~~~~~~~~~~~~~~~~~~~~~~~~~~~~~~~~~~~~~~~~~~~~~~~~~~~
 Calculation             : Compute initial orbitals
 Method                  : Diagonalize SAD Hamiltonian
 Precision               : 1.00000e-03
 Screening               : 1.20000e+01 StdDev
 Restricted              : True
 Functional              : LDA (SVWN5)
 AO basis                : 3-21G
~~~~~~~~~~~~~~~~~~~~~~~~~~~~~~~~~~~~~~~~~~~~~~~~~~~~~~~~~~~~~~~~~~~~~~~~~~~


===========================================================================
                            Molecular Orbitals
---------------------------------------------------------------------------
 Alpha electrons         :                                           2.000
 Beta electrons          :                                           2.000
 Total electrons         :                                           4.000
---------------------------------------------------------------------------
    n     Occ Spin       :                                            Norm
---------------------------------------------------------------------------
    0    2.00    p       :                              9.999994078667e-01
    1    2.00    p       :                              9.999982305380e-01
===========================================================================


~~~~~~~~~~~~~~~~~~~~~~~~~~~~~~~~~~~~~~~~~~~~~~~~~~~~~~~~~~~~~~~~~~~~~~~~~~~
 Calculation             : Compute initial energy
 Method                  : DFT (PBE)
 Relativity              : None
 Environment             : None
 External fields         : None
 Precision               : 1.00000e-03
 Localization            : On
~~~~~~~~~~~~~~~~~~~~~~~~~~~~~~~~~~~~~~~~~~~~~~~~~~~~~~~~~~~~~~~~~~~~~~~~~~~


===========================================================================
                        Molecular Energy (initial)
---------------------------------------------------------------------------
 Kinetic energy          :            (au)                  8.013021843049
 E-N energy              :            (au)                -20.444461308928
 Coulomb energy          :            (au)                  5.737355209422
 Exchange energy         :            (au)                  0.000000000000
 X-C energy              :            (au)                 -2.258799224334
 N-N energy              :            (au)                  0.989451349446
---------------------------------------------------------------------------
 Electronic energy       :            (au)                 -8.952883480791
 Nuclear energy          :            (au)                  0.989451349446
---------------------------------------------------------------------------
 Total energy            :            (au)             -7.963432131345e+00
                         :      (kcal/mol)             -4.997129108477e+03
                         :        (kJ/mol)             -2.090798818987e+04
                         :            (eV)             -2.166960275697e+02
===========================================================================


===========================================================================
                        Orbital Energies (initial)
---------------------------------------------------------------------------
    n     Occ Spin       :                                         Epsilon
---------------------------------------------------------------------------
    0    2.00    p       :            (au)                 -1.853583533529
    1    2.00    p       :            (au)                 -0.070870896477
---------------------------------------------------------------------------
 Sum occupied            :            (au)                 -3.848908860013
===========================================================================



***************************************************************************
***                                                                     ***
***                    Printing Molecular Properties                    ***
***                                                                     ***
***************************************************************************


===========================================================================
                                 Molecule
---------------------------------------------------------------------------
 Charge                  :                                               0
 Multiplicity            :                                               1
---------------------------------------------------------------------------
    N    Atom            :               x               y               z
---------------------------------------------------------------------------
    0      Li            :       -3.787412        2.239544        0.016521
    1       H            :       -6.044539        0.576168        1.170420
---------------------------------------------------------------------------
 Center of mass          :       -4.073620        2.028625        0.162837
===========================================================================


===========================================================================
                         Molecular Energy (final)
---------------------------------------------------------------------------
 Kinetic energy          :            (au)                  8.013021843049
 E-N energy              :            (au)                -20.444461308928
 Coulomb energy          :            (au)                  5.737355209422
 Exchange energy         :            (au)                  0.000000000000
 X-C energy              :            (au)                 -2.258799224334
 N-N energy              :            (au)                  0.989451349446
---------------------------------------------------------------------------
 Electronic energy       :            (au)                 -8.952883480791
 Nuclear energy          :            (au)                  0.989451349446
---------------------------------------------------------------------------
 Total energy            :            (au)             -7.963432131345e+00
                         :      (kcal/mol)             -4.997129108477e+03
                         :        (kJ/mol)             -2.090798818987e+04
                         :            (eV)             -2.166960275697e+02
===========================================================================


===========================================================================
                         Orbital Energies (final)
---------------------------------------------------------------------------
    n     Occ Spin       :                                         Epsilon
---------------------------------------------------------------------------
    0    2.00    p       :            (au)                 -1.853583533529
    1    2.00    p       :            (au)                 -0.070870896477
---------------------------------------------------------------------------
 Sum occupied            :            (au)                 -3.848908860013
===========================================================================


===========================================================================
                             Orbital Positions
---------------------------------------------------------------------------
Index                    :               x               y               z
---------------------------------------------------------------------------
    0                    :       -3.785788        2.240738        0.015694
    1                    :       -5.892870        0.688032        1.092835
===========================================================================


===========================================================================
                           Dipole Moment (dip-1)
---------------------------------------------------------------------------
 r_O                     :        0.000000        0.000000        0.000000
---------------------------------------------------------------------------
 Electronic vector       :       19.357316       -5.857541       -2.217059
 Magnitude               :            (au)                       20.345315
                         :         (Debye)                       51.712632
---------------------------------------------------------------------------
 Nuclear vector          :      -17.406775        7.294799        1.219982
 Magnitude               :            (au)                       18.912913
                         :         (Debye)                       48.071830
---------------------------------------------------------------------------
 Total vector            :        1.950541        1.437258       -0.997076
 Magnitude               :            (au)                        2.620016
                         :         (Debye)                        6.659416
===========================================================================




***************************************************************************
***                                                                     ***
***                            Exiting MRChem                           ***
***                                                                     ***
***                       Wall time :  0h  0m  8s                       ***
***                                                                     ***
***************************************************************************